// Jest Snapshot v1, https://goo.gl/fbAQLP

exports[`Detail renders and matches snapshot 1`] = `ShallowWrapper {}`;
