// Jest Snapshot v1, https://goo.gl/fbAQLP

exports[`Home renders and matches snapshot 1`] = `ShallowWrapper {}`;
