// Jest Snapshot v1, https://goo.gl/fbAQLP

exports[`Input renders and matches snapshot 1`] = `
<ThemeProvider
  theme={
    Object {
      "colors": Object {
        "accent": "#104C97",
        "gray": "#E8E8E8",
        "primary": "#DAF2FC",
        "secondary": "#009CDE",
        "white": "#fff",
      },
      "shadows": Object {
        "soft": "0px 3px 6px rgba(0, 0, 0, 0.15)",
      },
    }
  }
>
  <Input>
    <input
      css={
        Array [
          "
  border-radius: 5px;
  transition: 0.2s;
  padding: 0.5rem;

  :focus {
    border: none;
    box-shadow: 0 0 0 1pt ",
          [Function],
          ";
  }
",
        ]
      }
    />
  </Input>
</ThemeProvider>
`;
